
> website@0.1.0 build
> next build

   Γû▓ Next.js 15.5.2
   - Environments: .env.local, .env

   Creating an optimized production build ...
 Γ£ô Compiled successfully in 13.3s
   Linting and checking validity of types ...

./src/app/api/auth/login/route.ts
25:17  Warning: Unexpected any. Specify a different type.  @typescript-eslint/no-explicit-any
38:52  Warning: Unexpected any. Specify a different type.  @typescript-eslint/no-explicit-any
39:44  Warning: Unexpected any. Specify a different type.  @typescript-eslint/no-explicit-any

./src/app/api/v1/mold-cases/by-report/[reportId]/route.ts
28:18  Warning: Unexpected any. Specify a different type.  @typescript-eslint/no-explicit-any
36:19  Warning: Unexpected any. Specify a different type.  @typescript-eslint/no-explicit-any

./src/app/api/v1/mold-cases/route.ts
26:18  Warning: Unexpected any. Specify a different type.  @typescript-eslint/no-explicit-any
34:19  Warning: Unexpected any. Specify a different type.  @typescript-eslint/no-explicit-any

./src/app/api/v1/mold-reports/assigned/route.ts
26:18  Warning: Unexpected any. Specify a different type.  @typescript-eslint/no-explicit-any
34:19  Warning: Unexpected any. Specify a different type.  @typescript-eslint/no-explicit-any

./src/app/api/v1/mold-reports/count/status/route.ts
22:18  Warning: Unexpected any. Specify a different type.  @typescript-eslint/no-explicit-any

./src/app/api/v1/mold-reports/route.ts
28:18  Warning: Unexpected any. Specify a different type.  @typescript-eslint/no-explicit-any

./src/app/api/v1/mold-reports/search/route.ts
55:18  Warning: Unexpected any. Specify a different type.  @typescript-eslint/no-explicit-any

./src/app/api/v1/mold-reports/[id]/assign/route.ts
30:18  Warning: Unexpected any. Specify a different type.  @typescript-eslint/no-explicit-any
38:19  Warning: Unexpected any. Specify a different type.  @typescript-eslint/no-explicit-any

./src/app/api/v1/mold-reports/[id]/reject/route.ts
30:18  Warning: Unexpected any. Specify a different type.  @typescript-eslint/no-explicit-any
38:19  Warning: Unexpected any. Specify a different type.  @typescript-eslint/no-explicit-any

./src/app/api/v1/mold-reports/[id]/route.ts
29:18  Warning: Unexpected any. Specify a different type.  @typescript-eslint/no-explicit-any

./src/app/api/v1/users/counts/disabled/route.ts
22:18  Warning: Unexpected any. Specify a different type.  @typescript-eslint/no-explicit-any

./src/app/api/v1/users/counts/roles/route.ts
22:18  Warning: Unexpected any. Specify a different type.  @typescript-eslint/no-explicit-any

./src/app/api/v1/users/mycologists/route.ts
23:18  Warning: Unexpected any. Specify a different type.  @typescript-eslint/no-explicit-any
31:19  Warning: Unexpected any. Specify a different type.  @typescript-eslint/no-explicit-any

./src/app/api/v1/users/route.ts
43:18  Warning: Unexpected any. Specify a different type.  @typescript-eslint/no-explicit-any

./src/app/api/v1/users/search/route.ts
65:18  Warning: Unexpected any. Specify a different type.  @typescript-eslint/no-explicit-any

./src/app/auth/sign-up-2/signUp2Utils.tsx
54:26  Warning: 'err' is defined but never used.  @typescript-eslint/no-unused-vars

./src/app/dashboard/page.tsx
163:30  Warning: 'c' is defined but never used.  @typescript-eslint/no-unused-vars
163:33  Warning: Unexpected any. Specify a different type.  @typescript-eslint/no-explicit-any

./src/app/investigation/page.tsx
11:44  Warning: Unexpected any. Specify a different type.  @typescript-eslint/no-explicit-any
43:34  Warning: Unexpected any. Specify a different type.  @typescript-eslint/no-explicit-any
76:22  Warning: 'err' is defined but never used.  @typescript-eslint/no-unused-vars
109:8  Warning: React Hook useEffect has a missing dependency: 'buildSearchUrl'. Either include it or remove the dependency array.  react-hooks/exhaustive-deps
160:48  Warning: The ref value 'loadMoreRef.current' will likely have changed by the time this effect cleanup function runs. If this ref points to a node rendered by React, copy 'loadMoreRef.current' to a variable inside the effect, and use that variable in the cleanup function.  react-hooks/exhaustive-deps
163:8  Warning: React Hook useEffect has a missing dependency: 'buildSearchUrl'. Either include it or remove the dependency array.  react-hooks/exhaustive-deps
268:41  Warning: Unexpected any. Specify a different type.  @typescript-eslint/no-explicit-any

./src/app/investigation/view-case/page.tsx
30:44  Warning: Unexpected any. Specify a different type.  @typescript-eslint/no-explicit-any
31:44  Warning: Unexpected any. Specify a different type.  @typescript-eslint/no-explicit-any
75:27  Warning: Unexpected any. Specify a different type.  @typescript-eslint/no-explicit-any
82:21  Warning: Unexpected any. Specify a different type.  @typescript-eslint/no-explicit-any
161:19  Warning: Unexpected any. Specify a different type.  @typescript-eslint/no-explicit-any
192:19  Warning: Unexpected any. Specify a different type.  @typescript-eslint/no-explicit-any
224:69  Warning: Unexpected any. Specify a different type.  @typescript-eslint/no-explicit-any
263:62  Warning: Unexpected any. Specify a different type.  @typescript-eslint/no-explicit-any
264:46  Warning: Unexpected any. Specify a different type.  @typescript-eslint/no-explicit-any
306:61  Warning: Unexpected any. Specify a different type.  @typescript-eslint/no-explicit-any
307:44  Warning: Unexpected any. Specify a different type.  @typescript-eslint/no-explicit-any

./src/app/reports/view-report/page.tsx
52:31  Warning: 'details' is defined but never used.  @typescript-eslint/no-unused-vars

./src/app/support/appeal-request/appealRequestUtils.tsx
21:22  Warning: 'error' is defined but never used.  @typescript-eslint/no-unused-vars
51:19  Warning: 'data' is assigned a value but never used.  @typescript-eslint/no-unused-vars
53:18  Warning: 'error' is defined but never used.  @typescript-eslint/no-unused-vars

./src/app/user/page.tsx
17:40  Warning: Unexpected any. Specify a different type.  @typescript-eslint/no-explicit-any
80:22  Warning: 'err' is defined but never used.  @typescript-eslint/no-unused-vars
103:25  Warning: Unexpected any. Specify a different type.  @typescript-eslint/no-explicit-any
112:8  Warning: React Hook useEffect has a missing dependency: 'buildSearchUrl'. Either include it or remove the dependency array.  react-hooks/exhaustive-deps
198:48  Warning: The ref value 'loadMoreRef.current' will likely have changed by the time this effect cleanup function runs. If this ref points to a node rendered by React, copy 'loadMoreRef.current' to a variable inside the effect, and use that variable in the cleanup function.  react-hooks/exhaustive-deps
201:8  Warning: React Hook useEffect has a missing dependency: 'buildSearchUrl'. Either include it or remove the dependency array.  react-hooks/exhaustive-deps
317:33  Warning: Unexpected any. Specify a different type.  @typescript-eslint/no-explicit-any

./src/app/user/view-user/page.tsx
15:10  Warning: 'isEditMycoModal' is assigned a value but never used.  @typescript-eslint/no-unused-vars
17:9  Warning: 'handleMycoSubmit' is assigned a value but never used.  @typescript-eslint/no-unused-vars
17:29  Warning: 'data' is defined but never used.  @typescript-eslint/no-unused-vars
17:35  Warning: Unexpected any. Specify a different type.  @typescript-eslint/no-explicit-any

./src/components/auth-debug.tsx
12:23  Warning: Unexpected any. Specify a different type.  @typescript-eslint/no-explicit-any

./src/components/charts/donut-chart.tsx
8:18  Warning: Unexpected any. Specify a different type.  @typescript-eslint/no-explicit-any

./src/components/modals/assign_case_modal.tsx
58:42  Warning: Unexpected any. Specify a different type.  @typescript-eslint/no-explicit-any
66:80  Warning: Unexpected any. Specify a different type.  @typescript-eslint/no-explicit-any
207:60  Warning: Unexpected any. Specify a different type.  @typescript-eslint/no-explicit-any
227:53  Warning: Unexpected any. Specify a different type.  @typescript-eslint/no-explicit-any

./src/components/modals/create_myco_acc_modal.tsx
104:16  Warning: 'jsonError' is defined but never used.  @typescript-eslint/no-unused-vars
134:19  Warning: Unexpected any. Specify a different type.  @typescript-eslint/no-explicit-any

./src/components/modals/edit_myco_acc_modal.tsx
122:19  Warning: Unexpected any. Specify a different type.  @typescript-eslint/no-explicit-any

./src/components/sidebar.tsx
116:52  Warning: Unexpected any. Specify a different type.  @typescript-eslint/no-explicit-any

./src/components/tiles/statistics_tile.tsx
4:85  Warning: Unexpected any. Specify a different type.  @typescript-eslint/no-explicit-any

./src/components/tiles/timeline_tile.tsx
21:3  Warning: 'isFirst' is assigned a value but never used.  @typescript-eslint/no-unused-vars

./src/hooks/useAuth.ts
13:36  Warning: Unexpected any. Specify a different type.  @typescript-eslint/no-explicit-any

./src/hooks/useLogout.ts
42:6  Warning: React Hook useCallback has an unnecessary dependency: 'router'. Either exclude it or remove the dependency array.  react-hooks/exhaustive-deps

./src/services/apiClient.ts
10:34  Warning: Unexpected any. Specify a different type.  @typescript-eslint/no-explicit-any
85:15  Warning: Unexpected any. Specify a different type.  @typescript-eslint/no-explicit-any
90:14  Warning: 'error' is defined but never used.  @typescript-eslint/no-unused-vars
114:33  Warning: Unexpected any. Specify a different type.  @typescript-eslint/no-explicit-any
127:17  Warning: Unexpected any. Specify a different type.  @typescript-eslint/no-explicit-any
151:18  Warning: Unexpected any. Specify a different type.  @typescript-eslint/no-explicit-any
153:12  Warning: Unexpected any. Specify a different type.  @typescript-eslint/no-explicit-any
177:19  Warning: Unexpected any. Specify a different type.  @typescript-eslint/no-explicit-any
179:12  Warning: Unexpected any. Specify a different type.  @typescript-eslint/no-explicit-any
203:17  Warning: Unexpected any. Specify a different type.  @typescript-eslint/no-explicit-any
205:12  Warning: Unexpected any. Specify a different type.  @typescript-eslint/no-explicit-any
229:20  Warning: Unexpected any. Specify a different type.  @typescript-eslint/no-explicit-any

./src/utils/auth.ts
80:12  Warning: 'e' is defined but never used.  @typescript-eslint/no-unused-vars
95:32  Warning: Unexpected any. Specify a different type.  @typescript-eslint/no-explicit-any
112:35  Warning: Unexpected any. Specify a different type.  @typescript-eslint/no-explicit-any

info  - Need to disable some ESLint rules? Learn more here: https://nextjs.org/docs/app/api-reference/config/eslint#disabling-rules
node.exe : Failed to compile.
At line:1 char:1
+ & "C:\Program Files\nodejs/node.exe" "C:\Users\rgvil\AppData\Roaming\ ...
+ ~~~~~~~~~~~~~~~~~~~~~~~~~~~~~~~~~~~~~~~~~~~~~~~~~~~~~~~~~~~~~~~~~~~~~
    + CategoryInfo          : NotSpecified: (Failed to compile.:String) [], RemoteExcepti 
   on
    + FullyQualifiedErrorId : NativeCommandError
 

./src/app/user/view-user/page.tsx:40:40
Type error: Cannot find name 'src'.

[0m [90m 38 |[39m   ][33m;[39m
 [90m 39 |[39m
[31m[1m>[22m[39m[90m 40 |[39m   [36mconst[39m [imgSrc[33m,[39m setImgSrc] 
[33m=[39m useState(src [33m||[39m userProfileImage)[33m;[39m
 [90m    |[39m                                        [31m[1m^[22m[39m
 [90m 41 |[39m
 [90m 42 |[39m   [36mconst[39m hidePersonalInfo [33m=[39m
 [90m 43 |[39m     userRole [33m===[39m [32m"Administrator"[39m [33m||[39m 
userRole [33m===[39m [32m"Mycologist"[39m[33m;[39m[0m
Next.js build worker exited with code: 1 and signal: null
